DHCP relay agent
DHCP same lan e kaj kore

R1>enable
R1#show running-config
Building configuration...

Current configuration : 1041 bytes
!
version 15.1
no service timestamps log datetime msec
no service timestamps debug datetime msec
no service password-encryption
!
hostname R1
!
!
!
!
ip dhcp excluded-address 192.168.2.0 192.168.2.10
ip dhcp excluded-address 192.168.0.0 192.168.0.10
!
ip dhcp pool Management-LAN
 network 192.168.2.0 255.255.255.0
 default-router 192.168.2.1
 dns-server 8.8.8.8
ip dhcp pool Sales-LAN
 network 192.168.0.0 255.255.255.0
 default-router 192.168.0.1
 dns-server 8.8.8.8
!
!
!
ip cef
no ipv6 cef
!
!
!
!
license udi pid CISCO2911/K9 sn FTX1524GXYU-
!
!
!
!
!
!
!
!
!
!
!
spanning-tree mode pvst
!
!
!
!
!
!
interface GigabitEthernet0/0
 ip address 192.168.0.1 255.255.255.0
 duplex auto
 speed auto
!
interface GigabitEthernet0/1
 ip address 192.168.1.1 255.255.255.0
 duplex auto
 speed auto
!
interface GigabitEthernet0/2
 ip address 192.168.2.1 255.255.255.0
 duplex auto
 speed auto
!
interface Vlan1
 no ip address
 shutdown
!
ip classless
!
ip flow-export version 9
!
!
!
!
!
!
!
line con 0
!
line aux 0
!
line vty 0 4
 login
!
!
!
end


R1#configure terminal
Enter configuration commands, one per line.  End with CNTL/Z.
R1(config)#no ip dhcp pool Management-LAN
R1(config)#exit
R1#
%SYS-5-CONFIG_I: Configured from console by console

R1#show running-config
Building configuration...

Current configuration : 930 bytes
!
version 15.1
no service timestamps log datetime msec
no service timestamps debug datetime msec
no service password-encryption
!
hostname R1
!
!
!
!
ip dhcp excluded-address 192.168.2.0 192.168.2.10
ip dhcp excluded-address 192.168.0.0 192.168.0.10
!
ip dhcp pool Sales-LAN
 network 192.168.0.0 255.255.255.0
 default-router 192.168.0.1
 dns-server 8.8.8.8
!
!
!
ip cef
no ipv6 cef
!
!
!
!
license udi pid CISCO2911/K9 sn FTX1524GXYU-
!
!
!
!
!
!
!
!
!
!
!
spanning-tree mode pvst
!
!
!
!
!
!
interface GigabitEthernet0/0
 ip address 192.168.0.1 255.255.255.0
 duplex auto
 speed auto
!
interface GigabitEthernet0/1
 ip address 192.168.1.1 255.255.255.0
 duplex auto
 speed auto
!
interface GigabitEthernet0/2
 ip address 192.168.2.1 255.255.255.0
 duplex auto
 speed auto
!
interface Vlan1
 no ip address
 shutdown
!
ip classless
!
ip flow-export version 9
!
!
!
!
!
!
!
line con 0
!
line aux 0
!
line vty 0 4
 login
!
!
!
end


R1#
R1#
R1#
R1#
R1#
R1#show cdp neighbors
Capability Codes: R - Router, T - Trans Bridge, B - Source Route Bridge
                  S - Switch, H - Host, I - IGMP, r - Repeater, P - Phone
Device ID    Local Intrfce   Holdtme    Capability   Platform    Port ID
Switch       Gig 0/1          140            S       2960        Gig 0/1
Switch       Gig 0/0          140            S       2960        Gig 0/2
R1#
R1#
R1#interface g0/1
             ^
% Invalid input detected at '^' marker.
	
R1#configure terminal
Enter configuration commands, one per line.  End with CNTL/Z.
R1(config)#interface g0/1
R1(config-if)#ip helper-address 192.168.1.2
R1(config-if)#^Z
R1#
%SYS-5-CONFIG_I: Configured from console by console

R1#
R1#configure terminal
Enter configuration commands, one per line.  End with CNTL/Z.
R1(config)#interface g0/1
R1(config-if)#no ip address 192.168.1.1 255.255.255.0
R1(config-if)#ip address 192.168.2.1 255.255.255.0
% 192.168.2.0 overlaps with GigabitEthernet0/2
R1(config-if)#^Z
R1#
%SYS-5-CONFIG_I: Configured from console by console

R1#configure terminal
Enter configuration commands, one per line.  End with CNTL/Z.
R1(config)#ip address 192.168.2.1 255.255.255.0
               ^
% Invalid input detected at '^' marker.
	
R1(config)#interface g0/1
R1(config-if)#ip address 192.168.2.1 255.255.255.0
% 192.168.2.0 overlaps with GigabitEthernet0/2
R1(config-if)#exit
R1(config)#do show running-config
Building configuration...

Current configuration : 938 bytes
!
version 15.1
no service timestamps log datetime msec
no service timestamps debug datetime msec
no service password-encryption
!
hostname R1
!
!
!
!
ip dhcp excluded-address 192.168.2.0 192.168.2.10
ip dhcp excluded-address 192.168.0.0 192.168.0.10
!
ip dhcp pool Sales-LAN
 network 192.168.0.0 255.255.255.0
 default-router 192.168.0.1
 dns-server 8.8.8.8
!
!
!
ip cef
no ipv6 cef
!
!
!
!
license udi pid CISCO2911/K9 sn FTX1524GXYU-
!
!
!
!
!
!
!
!
!
!
!
spanning-tree mode pvst
!
!
!
!
!
!
interface GigabitEthernet0/0
 ip address 192.168.0.1 255.255.255.0
 duplex auto
 speed auto
!
interface GigabitEthernet0/1
 no ip address
 ip helper-address 192.168.2.2
 duplex auto
 speed auto
!
interface GigabitEthernet0/2
 ip address 192.168.2.1 255.255.255.0
 duplex auto
 speed auto
!
interface Vlan1
 no ip address
 shutdown
!
ip classless
!
ip flow-export version 9
!
!
!
!
!
!
!
line con 0
!
line aux 0
!
line vty 0 4
 login
!
!
!
end


R1(config)#interface g0/1
R1(config-if)#ip address 192.168.1.1
% Incomplete command.
R1(config-if)#ip address 192.168.1.1 255.255.255.0
R1(config-if)#^Z
R1#
%SYS-5-CONFIG_I: Configured from console by console

R1#show running-config
Building configuration...

Current configuration : 961 bytes
!
version 15.1
no service timestamps log datetime msec
no service timestamps debug datetime msec
no service password-encryption
!
hostname R1
!
!
!
!
ip dhcp excluded-address 192.168.2.0 192.168.2.10
ip dhcp excluded-address 192.168.0.0 192.168.0.10
!
ip dhcp pool Sales-LAN
 network 192.168.0.0 255.255.255.0
 default-router 192.168.0.1
 dns-server 8.8.8.8
!
!
!
ip cef
no ipv6 cef
!
!
!
!
license udi pid CISCO2911/K9 sn FTX1524GXYU-
!
!
!
!
!
!
!
!
!
!
!
spanning-tree mode pvst
!
!
!
!
!
!
interface GigabitEthernet0/0
 ip address 192.168.0.1 255.255.255.0
 duplex auto
 speed auto
!
interface GigabitEthernet0/1
 ip address 192.168.1.1 255.255.255.0
 ip helper-address 192.168.2.2
 duplex auto
 speed auto
!
interface GigabitEthernet0/2
 ip address 192.168.2.1 255.255.255.0
 duplex auto
 speed auto
!
interface Vlan1
 no ip address
 shutdown
!
ip classless
!
ip flow-export version 9
!
!
!
!
!
!
!
line con 0
!
line aux 0
!
line vty 0 4
 login
!
!
!
end


R1#