Router>enable
Router#configure termianl
                      ^
% Invalid input detected at '^' marker.
	
Router#configure terminal
Enter configuration commands, one per line.  End with CNTL/Z.

Router(config)#interface GigabitEthernet0/0
Router(config-if)#shutdown

Router(config)#interface GigabitEthernet0/0
Router(config-if)#no shutdown

Router(config-if)#interface GigabitEthernet0/1
Router(config-if)#shutdown

Router(config-if)#interface GigabitEthernet0/1
Router(config-if)#no shutdown

Router(config-if)#
%LINK-5-CHANGED: Interface GigabitEthernet0/1, changed state to up

%LINEPROTO-5-UPDOWN: Line protocol on Interface GigabitEthernet0/1, changed state to up

Router(config-if)#

Router(config-if)#
%LINK-5-CHANGED: Interface GigabitEthernet0/0, changed state to up

%LINEPROTO-5-UPDOWN: Line protocol on Interface GigabitEthernet0/0, changed state to up

Router(config)#do show running-config
Building configuration...

Current configuration : 665 bytes
!
version 15.1
no service timestamps log datetime msec
no service timestamps debug datetime msec
no service password-encryption
!
hostname Router
!
!
!
!
!
ip dhcp pool LAN2
!
!
!
ip cef
no ipv6 cef
!
!
!
!
license udi pid CISCO1941/K9 sn FTX15245WS7-
!
!
!
!
!
!
!
!
!
!
!
spanning-tree mode pvst
!
!
!
!
!
!
interface GigabitEthernet0/0
 ip address 197.168.0.1 255.255.255.0
 duplex auto
 speed auto
!
interface GigabitEthernet0/1
 ip address 197.168.1.1 255.255.255.0
 duplex auto
 speed auto
!
interface Vlan1
 no ip address
 shutdown
!
router rip
!
ip classless
!
ip flow-export version 9
!
!
!
!
!
!
!
line con 0
!
line aux 0
!
line vty 0 4
 login
!
!
!
end


Router(config)#exit
Router#
%SYS-5-CONFIG_I: Configured from console by console

Router#interface GigbitEthernet0/0
                 ^
% Invalid input detected at '^' marker.
	
Router#interface GigabitEthernet0/0
                 ^
% Invalid input detected at '^' marker.
	
Router#interface GigabitEthernet0/0
                 ^
% Invalid input detected at '^' marker.
	
Router#configuration terminal
                     ^
% Invalid input detected at '^' marker.
	
Router#configure terminal
Enter configuration commands, one per line.  End with CNTL/Z.
Router(config)#interface GigabitEthernet0/0
Router(config-if)#ip address 192.168.0.1 255.255.255.0
Router(config-if)#exit
Router(config)#interface GigabitEthernet0/1
Router(config-if)#ip address 192.168.1.1 255.255.
                                         ^
% Invalid input detected at '^' marker.
	
Router(config-if)#ip address 192.168.1.1 255.255.255.0
Router(config-if)#
Router#
%SYS-5-CONFIG_I: Configured from console by console
