
Switch>enable
Switch#configure terminal
Enter configuration commands, one per line.  End with CNTL/Z.
Switch(config)#hostname SW2
SW2(config)#enable secret CCNA
SW2(config)#^Z
SW2#
%SYS-5-CONFIG_I: Configured from console by console

SW2#
SW2>enable
Password: 
SW2#vlan 3
         ^
% Invalid input detected at '^' marker.
	
SW2#configure terminal
Enter configuration commands, one per line.  End with CNTL/Z.
SW2(config)#vlan 3
SW2(config-vlan)#name IT-LAN
SW2(config-vlan)#vlan 4
SW2(config-vlan)#name HR-LAN
SW2(config-vlan)#vlan 5
SW2(config-vlan)#name Phone-LAN
SW2(config-vlan)#
SW2>enable
Password: 
SW2#configure terminal
Enter configuration commands, one per line.  End with CNTL/Z.
SW2(config)#interface g0/2
SW2(config-if)#switchport mode trunk
SW2(config-if)#switchport trunk allowed vlan 3,4,5
SW2(config-if)#
SW2(config-if)#
SW2>enable
Password: 
SW2#show running-configure
                       ^
% Invalid input detected at '^' marker.
	
SW2#show running-config
Building configuration...

Current configuration : 1184 bytes
!
version 15.0
no service timestamps log datetime msec
no service timestamps debug datetime msec
no service password-encryption
!
hostname SW2
!
enable secret 5 $1$mERr$CunnQjkAEasAf02ni13tK/
!
!
!
!
!
!
spanning-tree mode pvst
spanning-tree extend system-id
!
interface FastEthernet0/1
!
interface FastEthernet0/2
!
interface FastEthernet0/3
!
interface FastEthernet0/4
!
interface FastEthernet0/5
!
interface FastEthernet0/6
!
interface FastEthernet0/7
!
interface FastEthernet0/8
!
interface FastEthernet0/9
!
interface FastEthernet0/10
!
interface FastEthernet0/11
!
interface FastEthernet0/12
!
interface FastEthernet0/13
!
interface FastEthernet0/14
!
interface FastEthernet0/15
!
interface FastEthernet0/16
!
interface FastEthernet0/17
!
interface FastEthernet0/18
!
interface FastEthernet0/19
!
interface FastEthernet0/20
!
interface FastEthernet0/21
!
interface FastEthernet0/22
!
interface FastEthernet0/23
!
interface FastEthernet0/24
!
interface GigabitEthernet0/1
!
interface GigabitEthernet0/2
 switchport trunk allowed vlan 3-5
 switchport mode trunk
!
interface Vlan1
 no ip address
 shutdown
!
!
!
!
line con 0
!
line vty 0 4
 login
line vty 5 15
 login
!
!
!
!
end
SW2#configure terminal
Enter configuration commands, one per line.  End with CNTL/Z.
SW2(config)#interbface f0/1
                 ^
% Invalid input detected at '^' marker.
	
SW2(config)#interface f0/1
SW2(config-if)#switchport mode access
SW2(config-if)#switchport access vlan 3
SW2(config-if)#
SW2(config-if)#
SW2(config-if)#
SW2(config-if)#exit
SW2(config)#interface f0/2
SW2(config-if)#switchport mode access
SW2(config-if)#switchport access vlan 4
SW2(config-if)#
W2(config-if)#
SW2(config-if)#interface f0/3
SW2(config-if)#switchport mode access
SW2(config-if)#switchport access vlan 4
SW2(config-if)#
SW2(config-if)#
W2(config)#interface f0/3
SW2(config-if)#switchport voice vlan 5
SW2(config-if)#
SW2(config-if)#