Press RETURN to get started!



User Access Verification

Username: noman
Password: 

R1>enable
Password: 
R1#show running-config
Building configuration...

Current configuration : 721 bytes
!
version 15.1
no service timestamps log datetime msec
no service timestamps debug datetime msec
service password-encryption
!
hostname R1
!
!
!
enable secret 5 $1$mERr$y4zAArikOjvRtzaOOGAEw/
!
!
!
!
!
!
ip cef
no ipv6 cef
!
!
!
username noman password 7 08701E1D
!
!
license udi pid CISCO1941/K9 sn FTX15241EPJ-
!
!
!
!
!
!
!
!
!
!
!
spanning-tree mode pvst
!
!
!
!
!
!
interface GigabitEthernet0/0
 no ip address
 duplex auto
 speed auto
 shutdown
!
interface GigabitEthernet0/1
 no ip address
 duplex auto
 speed auto
 shutdown
!
interface Vlan1
 no ip address
 shutdown
!
ip classless
!
ip flow-export version 9
!
!
!
!
!
!
!
line con 0
 password 7 08701E1D
 login local
!
line aux 0
!
line vty 0 4
 login
!
!
!
end


R1# interface GigabitEthernet0/0
              ^
% Invalid input detected at '^' marker.
	
R1#configure terminal
Enter configuration commands, one per line.  End with CNTL/Z.
R1(config)#interface GigabitEthernet0/0
R1(config-if)#no shutdown

R1(config-if)#
%LINK-5-CHANGED: Interface GigabitEthernet0/0, changed state to up

%LINEPROTO-5-UPDOWN: Line protocol on Interface GigabitEthernet0/0, changed state to up

R1(config-if)#interface GigabitEthernet0/1
R1(config-if)#no shutdown

R1(config-if)#
%LINK-5-CHANGED: Interface GigabitEthernet0/1, changed state to up

%LINEPROTO-5-UPDOWN: Line protocol on Interface GigabitEthernet0/1, changed state to up

R1(config-if)#exit
R1(config)#ip dhcp ?
  excluded-address  Prevent DHCP from assigning certain addresses
  pool              Configure DHCP address pools
  relay             DHCP relay agent parameters
R1(config)#ip dhcp pool LAN-2
R1(dhcp-config)#?
  default-router  Default routers
  dns-server      Set name server
  domain-name     Domain name
  exit            Exit from DHCP pool configuration mode
  network         Network number and mask
  no              Negate a command or set its defaults
  option          Raw DHCP options
R1(dhcp-config)#default-router 192.168.1.1 255.255.255.0
                                           ^
% Invalid input detected at '^' marker.
	
R1(dhcp-config)#default-router 192.168.1.1
R1(dhcp-config)#dns-server 1.1.1.1
R1(dhcp-config)#network 192.168.1.0 255.255.255.0
R1(dhcp-config)#exit
R1(config)#ip dhcp excluded-address 192.168.1.2 ?
  A.B.C.D  High IP address
  <cr>
R1(config)#ip dhcp excluded-address 192.168.1.2 192.168.1.99
R1(config)#ip dhcp ?
  excluded-address  Prevent DHCP from assigning certain addresses
  pool              Configure DHCP address pools
  relay             DHCP relay agent parameters
R1(config)#ip dhcp pool LAN-1
R1(dhcp-config)#default-router 192.168.0.1
R1(dhcp-config)#dns-server 8.8.8.8
R1(dhcp-config)#exit
R1(config)#interface GigabitEthernet0/0
R1(config-if)#ip address 192.168.0.1 255.255.255.0
R1(config-if)#interface GigabitEthernet0/1
R1(config-if)#ip address 192.168.1.1 255.255.255.0
R1(config-if)#
%LINEPROTO-5-UPDOWN: Line protocol on Interface GigabitEthernet0/0, changed state to down

%LINEPROTO-5-UPDOWN: Line protocol on Interface GigabitEthernet0/0, changed state to up

R1(config-if)#exit
R1(config)#show ip dhcp bionding
            ^
% Invalid input detected at '^' marker.
	
R1(config)#show ip dhcp binding
            ^
% Invalid input detected at '^' marker.
	
R1(config)#exit
R1#
%SYS-5-CONFIG_I: Configured from console by console

R1#show ip dhcp binding
IP address       Client-ID/              Lease expiration        Type
                 Hardware address
192.168.1.2      0001.96B5.2E41           --                     Automatic
192.168.1.100    000D.BD49.21C3           --                     Automatic
192.168.1.101    00D0.58A9.3B96           --                     Automatic
R1#